// Jest Snapshot v1, https://goo.gl/fbAQLP

exports[`Button renders properly 1`] = `
<View
  accessible={true}
  isTVSelectable={true}
  onResponderGrant={[Function]}
  onResponderMove={[Function]}
  onResponderRelease={[Function]}
  onResponderTerminate={[Function]}
  onResponderTerminationRequest={[Function]}
  onStartShouldSetResponder={[Function]}
  style={
    Object {
      "backgroundColor": "#fff",
      "borderColor": "#007aff",
      "borderRadius": 5,
      "borderWidth": 1,
      "marginLeft": 5,
      "marginRight": 5,
      "opacity": 1,
    }
  }
>
  <Text
    style={
      Object {
        "alignSelf": "center",
        "color": "#007aff",
        "fontSize": 16,
        "fontWeight": "600",
        "paddingBottom": 10,
        "paddingTop": 10,
      }
    }
  >
    Button label
  </Text>
</View>
`;
