// Jest Snapshot v1, https://goo.gl/fbAQLP

exports[`reducer login flow when login fails sets an error message matching a snapshot 1`] = `"Something went wrong!"`;
